<testsuites id="" name="" tests="48" failures="0" skipped="12" errors="0" time="86.004927">
<testsuite name="tests\features\auth.feature.spec.js" timestamp="2026-04-09T16:47:42.337Z" hostname="chromium" tests="4" failures="0" skipped="0" time="49.832" errors="0">
<testcase name="Autenticação OAuth (Google/LinkedIn) › Cadastro/Login via Google com validação de persistência" classname="tests\features\auth.feature.spec.js" time="9.839">
<system-out>
<![CDATA[◇ injected env (18) from .env.local // tip: ◈ secrets for agents [www.dotenvx.com]
]]>
</system-out>
</testcase>
<testcase name="Autenticação OAuth (Google/LinkedIn) › Cadastro/Login via LinkedIn com validação de persistência" classname="tests\features\auth.feature.spec.js" time="9.803">
<system-out>
<![CDATA[◇ injected env (18) from .env.local // tip: ⌘ enable debugging { debug: true }
]]>
</system-out>
</testcase>
<testcase name="Autenticação OAuth (Google/LinkedIn) › Erro no callback OAuth exibe alerta" classname="tests\features\auth.feature.spec.js" time="17.325">
<system-out>
<![CDATA[◇ injected env (18) from .env.local // tip: ⌘ suppress logs { quiet: true }
]]>
</system-out>
</testcase>
<testcase name="Autenticação OAuth (Google/LinkedIn) › Cancelamento pelo utilizador exibe alerta" classname="tests\features\auth.feature.spec.js" time="12.865">
<system-out>
<![CDATA[◇ injected env (18) from .env.local // tip: ⌘ custom filepath { path: '/custom/path/.env' }
]]>
</system-out>
</testcase>
</testsuite>
<testsuite name="tests\features\design.feature.spec.js" timestamp="2026-04-09T16:47:42.337Z" hostname="chromium" tests="4" failures="0" skipped="0" time="0.229" errors="0">
<testcase name="Validação de Design Tokens › Validar existência do arquivo de tokens" classname="tests\features\design.feature.spec.js" time="0.056">
<system-out>
<![CDATA[◇ injected env (18) from .env.local // tip: ⌘ custom filepath { path: '/custom/path/.env' }
]]>
</system-out>
</testcase>
<testcase name="Validação de Design Tokens › Validar conteúdo dos tokens de cor" classname="tests\features\design.feature.spec.js" time="0.054">
<system-out>
<![CDATA[◇ injected env (18) from .env.local // tip: ◈ secrets for agents [www.dotenvx.com]
]]>
</system-out>
</testcase>
<testcase name="Validação de Design Tokens › Validar conteúdo dos tokens de espaçamento" classname="tests\features\design.feature.spec.js" time="0.064">
<system-out>
<![CDATA[◇ injected env (18) from .env.local // tip: ⌘ suppress logs { quiet: true }
]]>
</system-out>
</testcase>
<testcase name="Validação de Design Tokens › Validar conteúdo dos tokens de tipografia" classname="tests\features\design.feature.spec.js" time="0.055">
<system-out>
<![CDATA[◇ injected env (18) from .env.local // tip: ⌘ multiple files { path: ['.env.local', '.env'] }
]]>
</system-out>
</testcase>
</testsuite>
<testsuite name="tests\features\infra.feature.spec.js" timestamp="2026-04-09T16:47:42.337Z" hostname="chromium" tests="6" failures="0" skipped="4" time="8.79" errors="0">
<testcase name="Validação de Infraestrutura › Validar variáveis de ambiente obrigatórias do Supabase" classname="tests\features\infra.feature.spec.js">
<properties>
<property name="skip" value="Variáveis do Supabase não configuradas no .env.local">
</property>
</properties>
<skipped>
</skipped>
</testcase>
<testcase name="Validação de Infraestrutura › Validar variáveis de ambiente obrigatórias do Stripe" classname="tests\features\infra.feature.spec.js">
<properties>
<property name="skip" value="Variáveis do Stripe não configuradas no .env.local">
</property>
</properties>
<skipped>
</skipped>
</testcase>
<testcase name="Validação de Infraestrutura › Validar variáveis de ambiente obrigatórias do NextAuth" classname="tests\features\infra.feature.spec.js" time="0.028">
</testcase>
<testcase name="Validação de Infraestrutura › Validar conexão com banco de dados Supabase" classname="tests\features\infra.feature.spec.js">
<properties>
<property name="skip" value="Credenciais do Supabase não configuradas no .env.local">
</property>
</properties>
<skipped>
</skipped>
</testcase>
<testcase name="Validação de Infraestrutura › Verificar integridade do provedor de e-mail" classname="tests\features\infra.feature.spec.js" time="8.039">
</testcase>
<testcase name="Validação de Infraestrutura › Validar disponibilidade da API do Supabase" classname="tests\features\infra.feature.spec.js">
<properties>
<property name="skip" value="Credenciais do Supabase não configuradas no .env.local">
</property>
</properties>
<skipped>
</skipped>
</testcase>
</testsuite>
<testsuite name="tests\features\navigation.feature.spec.js" timestamp="2026-04-09T16:47:42.337Z" hostname="chromium" tests="2" failures="0" skipped="0" time="25.463" errors="0">
<testcase name="Navegação do Usuário › Visitante clica no botão de login na página inicial" classname="tests\features\navigation.feature.spec.js" time="9.125">
</testcase>
<testcase name="Navegação do Usuário › Visitante deslogado é bloqueado ao acessar área restrita" classname="tests\features\navigation.feature.spec.js" time="16.338">
</testcase>
</testsuite>
<testsuite name="tests\features\auth.feature.spec.js" timestamp="2026-04-09T16:47:42.337Z" hostname="firefox" tests="4" failures="0" skipped="0" time="32.275" errors="0">
<testcase name="Autenticação OAuth (Google/LinkedIn) › Cadastro/Login via Google com validação de persistência" classname="tests\features\auth.feature.spec.js" time="7.335">
<system-out>
<![CDATA[◇ injected env (18) from .env.local // tip: ⌘ override existing { override: true }
]]>
</system-out>
</testcase>
<testcase name="Autenticação OAuth (Google/LinkedIn) › Cadastro/Login via LinkedIn com validação de persistência" classname="tests\features\auth.feature.spec.js" time="6.344">
<system-out>
<![CDATA[◇ injected env (18) from .env.local // tip: ◈ encrypted .env [www.dotenvx.com]
]]>
</system-out>
</testcase>
<testcase name="Autenticação OAuth (Google/LinkedIn) › Erro no callback OAuth exibe alerta" classname="tests\features\auth.feature.spec.js" time="9.311">
<system-out>
<![CDATA[◇ injected env (18) from .env.local // tip: ◈ encrypted .env [www.dotenvx.com]
]]>
</system-out>
</testcase>
<testcase name="Autenticação OAuth (Google/LinkedIn) › Cancelamento pelo utilizador exibe alerta" classname="tests\features\auth.feature.spec.js" time="9.285">
<system-out>
<![CDATA[◇ injected env (18) from .env.local // tip: ⌘ custom filepath { path: '/custom/path/.env' }
]]>
</system-out>
</testcase>
</testsuite>
<testsuite name="tests\features\design.feature.spec.js" timestamp="2026-04-09T16:47:42.337Z" hostname="firefox" tests="4" failures="0" skipped="0" time="0.137" errors="0">
<testcase name="Validação de Design Tokens › Validar existência do arquivo de tokens" classname="tests\features\design.feature.spec.js" time="0.091">
<system-out>
<![CDATA[◇ injected env (18) from .env.local // tip: ⌘ custom filepath { path: '/custom/path/.env' }
]]>
</system-out>
</testcase>
<testcase name="Validação de Design Tokens › Validar conteúdo dos tokens de cor" classname="tests\features\design.feature.spec.js" time="0.021">
</testcase>
<testcase name="Validação de Design Tokens › Validar conteúdo dos tokens de espaçamento" classname="tests\features\design.feature.spec.js" time="0.013">
</testcase>
<testcase name="Validação de Design Tokens › Validar conteúdo dos tokens de tipografia" classname="tests\features\design.feature.spec.js" time="0.012">
</testcase>
</testsuite>
<testsuite name="tests\features\infra.feature.spec.js" timestamp="2026-04-09T16:47:42.337Z" hostname="firefox" tests="6" failures="0" skipped="4" time="5.376" errors="0">
<testcase name="Validação de Infraestrutura › Validar variáveis de ambiente obrigatórias do Supabase" classname="tests\features\infra.feature.spec.js">
<properties>
<property name="skip" value="Variáveis do Supabase não configuradas no .env.local">
</property>
</properties>
<skipped>
</skipped>
</testcase>
<testcase name="Validação de Infraestrutura › Validar variáveis de ambiente obrigatórias do Stripe" classname="tests\features\infra.feature.spec.js">
<properties>
<property name="skip" value="Variáveis do Stripe não configuradas no .env.local">
</property>
</properties>
<skipped>
</skipped>
</testcase>
<testcase name="Validação de Infraestrutura › Validar variáveis de ambiente obrigatórias do NextAuth" classname="tests\features\infra.feature.spec.js" time="0.012">
</testcase>
<testcase name="Validação de Infraestrutura › Validar conexão com banco de dados Supabase" classname="tests\features\infra.feature.spec.js">
<properties>
<property name="skip" value="Credenciais do Supabase não configuradas no .env.local">
</property>
</properties>
<skipped>
</skipped>
</testcase>
<testcase name="Validação de Infraestrutura › Verificar integridade do provedor de e-mail" classname="tests\features\infra.feature.spec.js" time="5.015">
</testcase>
<testcase name="Validação de Infraestrutura › Validar disponibilidade da API do Supabase" classname="tests\features\infra.feature.spec.js">
<properties>
<property name="skip" value="Credenciais do Supabase não configuradas no .env.local">
</property>
</properties>
<skipped>
</skipped>
</testcase>
</testsuite>
<testsuite name="tests\features\navigation.feature.spec.js" timestamp="2026-04-09T16:47:42.337Z" hostname="firefox" tests="2" failures="0" skipped="0" time="12.428" errors="0">
<testcase name="Navegação do Usuário › Visitante clica no botão de login na página inicial" classname="tests\features\navigation.feature.spec.js" time="2.243">
</testcase>
<testcase name="Navegação do Usuário › Visitante deslogado é bloqueado ao acessar área restrita" classname="tests\features\navigation.feature.spec.js" time="10.185">
<system-out>
<![CDATA[◇ injected env (18) from .env.local // tip: ◈ secrets for agents [www.dotenvx.com]
]]>
</system-out>
</testcase>
</testsuite>
<testsuite name="tests\features\auth.feature.spec.js" timestamp="2026-04-09T16:47:42.337Z" hostname="webkit" tests="4" failures="0" skipped="0" time="21.917" errors="0">
<testcase name="Autenticação OAuth (Google/LinkedIn) › Cadastro/Login via Google com validação de persistência" classname="tests\features\auth.feature.spec.js" time="3.744">
<system-out>
<![CDATA[◇ injected env (18) from .env.local // tip: ◈ secrets for agents [www.dotenvx.com]
]]>
</system-out>
</testcase>
<testcase name="Autenticação OAuth (Google/LinkedIn) › Cadastro/Login via LinkedIn com validação de persistência" classname="tests\features\auth.feature.spec.js" time="2.537">
<system-out>
<![CDATA[◇ injected env (18) from .env.local // tip: ⌘ multiple files { path: ['.env.local', '.env'] }
]]>
</system-out>
</testcase>
<testcase name="Autenticação OAuth (Google/LinkedIn) › Erro no callback OAuth exibe alerta" classname="tests\features\auth.feature.spec.js" time="6.96">
<system-out>
<![CDATA[◇ injected env (18) from .env.local // tip: ⌘ enable debugging { debug: true }
]]>
</system-out>
</testcase>
<testcase name="Autenticação OAuth (Google/LinkedIn) › Cancelamento pelo utilizador exibe alerta" classname="tests\features\auth.feature.spec.js" time="8.676">
<system-out>
<![CDATA[◇ injected env (18) from .env.local // tip: ⌘ custom filepath { path: '/custom/path/.env' }
]]>
</system-out>
</testcase>
</testsuite>
<testsuite name="tests\features\design.feature.spec.js" timestamp="2026-04-09T16:47:42.337Z" hostname="webkit" tests="4" failures="0" skipped="0" time="0.17" errors="0">
<testcase name="Validação de Design Tokens › Validar existência do arquivo de tokens" classname="tests\features\design.feature.spec.js" time="0.08">
<system-out>
<![CDATA[◇ injected env (18) from .env.local // tip: ⌘ multiple files { path: ['.env.local', '.env'] }
]]>
</system-out>
</testcase>
<testcase name="Validação de Design Tokens › Validar conteúdo dos tokens de cor" classname="tests\features\design.feature.spec.js" time="0.036">
</testcase>
<testcase name="Validação de Design Tokens › Validar conteúdo dos tokens de espaçamento" classname="tests\features\design.feature.spec.js" time="0.03">
</testcase>
<testcase name="Validação de Design Tokens › Validar conteúdo dos tokens de tipografia" classname="tests\features\design.feature.spec.js" time="0.024">
</testcase>
</testsuite>
<testsuite name="tests\features\infra.feature.spec.js" timestamp="2026-04-09T16:47:42.337Z" hostname="webkit" tests="6" failures="0" skipped="4" time="2.907" errors="0">
<testcase name="Validação de Infraestrutura › Validar variáveis de ambiente obrigatórias do Supabase" classname="tests\features\infra.feature.spec.js">
<properties>
<property name="skip" value="Variáveis do Supabase não configuradas no .env.local">
</property>
</properties>
<skipped>
</skipped>
</testcase>
<testcase name="Validação de Infraestrutura › Validar variáveis de ambiente obrigatórias do Stripe" classname="tests\features\infra.feature.spec.js">
<properties>
<property name="skip" value="Variáveis do Stripe não configuradas no .env.local">
</property>
</properties>
<skipped>
</skipped>
</testcase>
<testcase name="Validação de Infraestrutura › Validar variáveis de ambiente obrigatórias do NextAuth" classname="tests\features\infra.feature.spec.js" time="0.016">
</testcase>
<testcase name="Validação de Infraestrutura › Validar conexão com banco de dados Supabase" classname="tests\features\infra.feature.spec.js">
<properties>
<property name="skip" value="Credenciais do Supabase não configuradas no .env.local">
</property>
</properties>
<skipped>
</skipped>
</testcase>
<testcase name="Validação de Infraestrutura › Verificar integridade do provedor de e-mail" classname="tests\features\infra.feature.spec.js" time="2.607">
</testcase>
<testcase name="Validação de Infraestrutura › Validar disponibilidade da API do Supabase" classname="tests\features\infra.feature.spec.js">
<properties>
<property name="skip" value="Credenciais do Supabase não configuradas no .env.local">
</property>
</properties>
<skipped>
</skipped>
</testcase>
</testsuite>
<testsuite name="tests\features\navigation.feature.spec.js" timestamp="2026-04-09T16:47:42.337Z" hostname="webkit" tests="2" failures="0" skipped="0" time="12.507" errors="0">
<testcase name="Navegação do Usuário › Visitante clica no botão de login na página inicial" classname="tests\features\navigation.feature.spec.js" time="5.586">
</testcase>
<testcase name="Navegação do Usuário › Visitante deslogado é bloqueado ao acessar área restrita" classname="tests\features\navigation.feature.spec.js" time="6.921">
</testcase>
</testsuite>
</testsuites>